
> app@0.1.0 build
> next build

node.exe :  ΓÜá Warning: Next.js inferred your 
workspace root, but it may not be correct.
At line:1 char:1
+ & "C:\Program Files\nodejs/node.exe" 
"C:\Users\tanja\AppData\Roaming\ ...
+ ~~~~~~~~~~~~~~~~~~~~~~~~~~~~~~~~~~~~~~~~~~~~~~~~~~
~~~~~~~~~~~~~~~~~~~
    + CategoryInfo          : NotSpecified: ( ΓÜá W 
   arning: N...not be correct.:String) [], RemoteE  
  xception
    + FullyQualifiedErrorId : NativeCommandError
 
 We detected multiple lockfiles and selected the 
directory of 
C:\Users\tanja\Documents\package-lock.json as the 
root directory.
 To silence this warning, set `turbopack.root` in 
your Next.js config, or consider removing one of 
the lockfiles if it's not needed.
   See https://nextjs.org/docs/app/api-reference/con
fig/next-config-js/turbopack#root-directory for 
more information.
 Detected additional lockfiles: 
   * 
C:\Users\tanja\Documents\HideX\package-lock.json

   Γû▓ Next.js 16.0.4 (Turbopack)
   - Environments: .env.local

   Creating an optimized production build ...
